OF2(  InnerIndent2#1
  InnerIndent2#2)
OF2(  InnerIndent2#1
  InnerIndent2#2)