OF2(InnerFlat2#1
InnerFlat2#2)
OF2(InnerFlat2#1
InnerFlat2#2)