  OI2(  InnerIndent2#1
    InnerIndent2#2)
  OI2(  InnerIndent2#1
    InnerIndent2#2)