  OI2(InnerFlat2#1
  InnerFlat2#2)
  OI2(InnerFlat2#1
  InnerFlat2#2)